
> nextjs@0.1.0 build D:\office\SupplementScience
> next build

Γû▓ Next.js 16.1.1 (Turbopack)
- Environments: .env

  Creating an optimized production build ...
Γ£ô Compiled successfully in 16.9s
  Running TypeScript ...
node.exe : Failed to compile.
At C:\Users\Abish\AppData\Roaming\npm\p
npm.ps1:24 char:5
+     & "node$exe"  "$basedir/node_modu
les/pnpm/bin/pnpm.cjs" $args
+     ~~~~~~~~~~~~~~~~~~~~~~~~~~~~~~~~~
~~~~~~~~~~~~~~~~~~~~~~~~~~~~
    + CategoryInfo          : NotSpeci 
   fied: (Failed to compile.:String)   
  [], RemoteException
    + FullyQualifiedErrorId : NativeCo 
   mmandError
 

Type error: Cannot find type 
definition file for 'dompurify'.
  The file is in the program because:
    Entry point for implicit type 
library 'dompurify'

Next.js build worker exited with code: 
1 and signal: null
ΓÇëELIFECYCLEΓÇë Command failed with exit code 1.
